// Jest Snapshot v1, https://goo.gl/fbAQLP

exports[`<QuantityToggle /> has default structure 1`] = `
<DocumentFragment>
  <label
    class="visually-hidden form-label"
  >
    quantity-toggle
  </label>
  <div
    class="input-group input-group-sm sgds"
    variant="quantity-toggle"
  >
    <button
      aria-label="minus-btn"
      class="btn btn-primary sgds"
      type="button"
    >
      <i
        class="bi bi-dash"
      />
    </button>
    <input
      class="text-center form-control"
      min="0"
      name="quantity"
      type="number"
      value="0"
    />
    <button
      aria-label="plus-btn"
      class="btn btn-primary sgds"
      type="button"
    >
      <i
        class="bi bi-plus"
      />
    </button>
  </div>
</DocumentFragment>
`;
