// Jest Snapshot v1, https://goo.gl/fbAQLP

exports[`<FileUpload> Should output a child button element 1`] = `
<DocumentFragment>
  <div>
    <input
      class="d-none form-control"
      id="test123"
      type="file"
    />
    <button
      class="btn btn-primary sgds"
      type="button"
    >
      FileUpload
    </button>
  </div>
  <ul
    class="fileupload-list sgds"
  />
</DocumentFragment>
`;

exports[`<FileUpload> Should output a child input element 1`] = `
<DocumentFragment>
  <div>
    <input
      class="d-none form-control"
      id="test123"
      type="file"
    />
    <button
      class="btn btn-primary sgds"
      type="button"
    >
      FileUpload
    </button>
  </div>
  <ul
    class="fileupload-list sgds"
  />
</DocumentFragment>
`;
