// Jest Snapshot v1, https://goo.gl/fbAQLP

exports[`CalendarHeader should have default html structure 1`] = `
<DocumentFragment>
  <div
    class="text-center d-flex justify-content-between"
  >
    <button
      aria-label="previous day"
    >
      <i
        class="bi bi-chevron-left"
      />
    </button>
    <button
      aria-live="polite"
      id="id-grid-label"
    >
      March 2022
    </button>
    <button
      aria-label="next day"
    >
      <i
        class="bi bi-chevron-right"
      />
    </button>
  </div>
</DocumentFragment>
`;
