// Jest Snapshot v1, https://goo.gl/fbAQLP

exports[`Single mode Calendar should have the default html structure 1`] = `
<DocumentFragment>
  <table
    class="text-center"
  >
    <thead>
      <tr>
        <td
          style="padding: 5px;"
        >
          <small>
            Sun
          </small>
        </td>
        <td
          style="padding: 5px;"
        >
          <small>
            Mon
          </small>
        </td>
        <td
          style="padding: 5px;"
        >
          <small>
            Tue
          </small>
        </td>
        <td
          style="padding: 5px;"
        >
          <small>
            Wed
          </small>
        </td>
        <td
          style="padding: 5px;"
        >
          <small>
            Thu
          </small>
        </td>
        <td
          style="padding: 5px;"
        >
          <small>
            Fri
          </small>
        </td>
        <td
          style="padding: 5px;"
        >
          <small>
            Sat
          </small>
        </td>
      </tr>
    </thead>
    <tbody>
      <tr>
        <td />
        <td />
        <td
          data-day="1"
          style="cursor: pointer; padding: 5px; border-radius: 50px;"
        >
          1
        </td>
        <td
          data-day="2"
          style="cursor: pointer; padding: 5px; border-radius: 50px;"
        >
          2
        </td>
        <td
          data-day="3"
          style="cursor: pointer; padding: 5px; border-radius: 50px;"
        >
          3
        </td>
        <td
          data-day="4"
          style="cursor: pointer; padding: 5px; border-radius: 50px;"
        >
          4
        </td>
        <td
          data-day="5"
          style="cursor: pointer; padding: 5px; border-radius: 50px;"
        >
          5
        </td>
      </tr>
      <tr>
        <td
          data-day="6"
          style="cursor: pointer; padding: 5px; border-radius: 50px;"
        >
          6
        </td>
        <td
          data-day="7"
          style="cursor: pointer; padding: 5px; border-radius: 50px;"
        >
          7
        </td>
        <td
          data-day="8"
          style="cursor: pointer; padding: 5px; border-radius: 50px;"
        >
          8
        </td>
        <td
          data-day="9"
          style="cursor: pointer; padding: 5px; border-radius: 50px;"
        >
          9
        </td>
        <td
          data-day="10"
          style="cursor: pointer; padding: 5px; border-radius: 50px;"
        >
          10
        </td>
        <td
          data-day="11"
          style="cursor: pointer; padding: 5px; border-radius: 50px;"
        >
          11
        </td>
        <td
          data-day="12"
          style="cursor: pointer; padding: 5px; border-radius: 50px;"
        >
          12
        </td>
      </tr>
      <tr>
        <td
          data-day="13"
          style="cursor: pointer; padding: 5px; border-radius: 50px;"
        >
          13
        </td>
        <td
          data-day="14"
          style="cursor: pointer; padding: 5px; border-radius: 50px;"
        >
          14
        </td>
        <td
          data-day="15"
          style="cursor: pointer; padding: 5px; border-radius: 50px;"
        >
          15
        </td>
        <td
          data-day="16"
          style="cursor: pointer; padding: 5px; border-radius: 50px;"
        >
          16
        </td>
        <td
          data-day="17"
          style="cursor: pointer; padding: 5px; border-radius: 50px;"
        >
          17
        </td>
        <td
          class="bg-primary"
          data-day="18"
          style="cursor: pointer; padding: 5px; border-radius: 50px;"
        >
          18
        </td>
        <td
          data-day="19"
          style="cursor: pointer; padding: 5px; border-radius: 50px;"
        >
          19
        </td>
      </tr>
      <tr>
        <td
          data-day="20"
          style="cursor: pointer; padding: 5px; border-radius: 50px;"
        >
          20
        </td>
        <td
          data-day="21"
          style="cursor: pointer; padding: 5px; border-radius: 50px;"
        >
          21
        </td>
        <td
          class="text-primary"
          data-day="22"
          style="cursor: pointer; padding: 5px; border-radius: 50px;"
        >
          22
        </td>
        <td
          data-day="23"
          style="cursor: pointer; padding: 5px; border-radius: 50px;"
        >
          23
        </td>
        <td
          data-day="24"
          style="cursor: pointer; padding: 5px; border-radius: 50px;"
        >
          24
        </td>
        <td
          data-day="25"
          style="cursor: pointer; padding: 5px; border-radius: 50px;"
        >
          25
        </td>
        <td
          data-day="26"
          style="cursor: pointer; padding: 5px; border-radius: 50px;"
        >
          26
        </td>
      </tr>
      <tr>
        <td
          data-day="27"
          style="cursor: pointer; padding: 5px; border-radius: 50px;"
        >
          27
        </td>
        <td
          data-day="28"
          style="cursor: pointer; padding: 5px; border-radius: 50px;"
        >
          28
        </td>
        <td
          data-day="29"
          style="cursor: pointer; padding: 5px; border-radius: 50px;"
        >
          29
        </td>
        <td
          data-day="30"
          style="cursor: pointer; padding: 5px; border-radius: 50px;"
        >
          30
        </td>
        <td
          data-day="31"
          style="cursor: pointer; padding: 5px; border-radius: 50px;"
        >
          31
        </td>
        <td />
        <td />
      </tr>
    </tbody>
  </table>
</DocumentFragment>
`;
