// Jest Snapshot v1, https://goo.gl/fbAQLP

exports[`CalendarHeader should have default html structure 1`] = `
<DocumentFragment>
  <div
    class="text-center d-flex justify-content-between"
  >
    <button
      aria-label="Show previous month"
      type="button"
    >
      <i
        class="bi bi-chevron-left"
      />
    </button>
    <button
      aria-disabled="false"
      aria-label=""
      aria-live="polite"
      type="button"
    >
      March 2022
    </button>
    <button
      aria-label="Show next month"
      type="button"
    >
      <i
        class="bi bi-chevron-right"
      />
    </button>
  </div>
</DocumentFragment>
`;
