// Jest Snapshot v1, https://goo.gl/fbAQLP

exports[`DatePicker has the default html structure 1`] = `
<DocumentFragment>
  <div
    class="input-group input-group-md sgds"
    variant="has-icon"
  >
    <div>
       
      <input
        class="form-control"
        placeholder="dd/mm/yyyy"
        readonly=""
        type="text"
        value=""
      />
    </div>
    <button
      class="btn btn-primary sgds"
      type="button"
    >
      <i
        class="bi bi-x"
      />
    </button>
    <i
      class="bi bi-calendar form-control-icon"
    />
  </div>
</DocumentFragment>
`;
