// Jest Snapshot v1, https://goo.gl/fbAQLP

exports[`MonthView should have default html structure 1`] = `
<DocumentFragment>
  <div
    class="container text-center"
  >
    <div
      class="row"
    >
      <div
        class="col-4"
      >
        <button>
          Jan
        </button>
      </div>
      <div
        class="col-4"
      >
        <button>
          Feb
        </button>
      </div>
      <div
        class="active col-4"
      >
        <button>
          Mar
        </button>
      </div>
      <div
        class="col-4"
      >
        <button>
          Apr
        </button>
      </div>
      <div
        class="col-4"
      >
        <button>
          May
        </button>
      </div>
      <div
        class="col-4"
      >
        <button>
          Jun
        </button>
      </div>
      <div
        class="col-4"
      >
        <button>
          Jul
        </button>
      </div>
      <div
        class="col-4"
      >
        <button>
          Aug
        </button>
      </div>
      <div
        class="col-4"
      >
        <button>
          Sep
        </button>
      </div>
      <div
        class="col-4"
      >
        <button>
          Oct
        </button>
      </div>
      <div
        class="col-4"
      >
        <button>
          Nov
        </button>
      </div>
      <div
        class="col-4"
      >
        <button>
          Dec
        </button>
      </div>
    </div>
  </div>
</DocumentFragment>
`;
