// Jest Snapshot v1, https://goo.gl/fbAQLP

exports[`YearView should have default html structure 1`] = `
<DocumentFragment>
  <div
    class="sgds yearpicker"
  >
    <button
      class="year"
    >
      2017
    </button>
    <button
      class="year"
    >
      2018
    </button>
    <button
      class="year"
    >
      2019
    </button>
    <button
      class="year"
    >
      2020
    </button>
    <button
      class="year"
    >
      2021
    </button>
    <button
      class="active year"
    >
      2022
    </button>
    <button
      class="year"
    >
      2023
    </button>
    <button
      class="year"
    >
      2024
    </button>
    <button
      class="year"
    >
      2025
    </button>
    <button
      class="year"
    >
      2026
    </button>
    <button
      class="year"
    >
      2027
    </button>
    <button
      class="year"
    >
      2028
    </button>
  </div>
</DocumentFragment>
`;
