// Jest Snapshot v1, https://goo.gl/fbAQLP

exports[`YearView should have default html structure 1`] = `
<DocumentFragment>
  <div
    class="container text-center"
  >
    <div
      class="row"
    >
      <div
        class="col-4"
      >
        <button>
          2017
        </button>
      </div>
      <div
        class="col-4"
      >
        <button>
          2018
        </button>
      </div>
      <div
        class="col-4"
      >
        <button>
          2019
        </button>
      </div>
      <div
        class="col-4"
      >
        <button>
          2020
        </button>
      </div>
      <div
        class="col-4"
      >
        <button>
          2021
        </button>
      </div>
      <div
        class="active col-4"
      >
        <button>
          2022
        </button>
      </div>
      <div
        class="col-4"
      >
        <button>
          2023
        </button>
      </div>
      <div
        class="col-4"
      >
        <button>
          2024
        </button>
      </div>
      <div
        class="col-4"
      >
        <button>
          2025
        </button>
      </div>
      <div
        class="col-4"
      >
        <button>
          2026
        </button>
      </div>
      <div
        class="col-4"
      >
        <button>
          2027
        </button>
      </div>
      <div
        class="col-4"
      >
        <button>
          2028
        </button>
      </div>
    </div>
  </div>
</DocumentFragment>
`;
