// Jest Snapshot v1, https://goo.gl/fbAQLP

exports[`<Tabs> Should render TabPane with role="tab" 1`] = `
<DocumentFragment>
  <ul
    class="nav sgds nav-tabs"
    data-testid="testid"
    role="tablist"
  >
    <li
      class="nav-item"
      role="presentation"
    >
      <button
        aria-controls="test-tabpane-1"
        aria-current="page"
        aria-selected="true"
        class="nav-link active"
        data-rr-ui-event-key="1"
        id="test-tab-1"
        role="tab"
        type="button"
      >
        Tab 1
      </button>
    </li>
  </ul>
  <div
    class="sgds tab-content"
  >
    <div
      aria-labelledby="test-tab-1"
      class="fade tab-pane active show"
      id="test-tabpane-1"
      role="tabpanel"
    >
      Tab 1 content
    </div>
  </div>
</DocumentFragment>
`;
